../Core/Src/main.c:80:5:main	16	static
../Core/Src/main.c:154:6:SystemClock_Config	88	static
../Core/Src/main.c:200:13:MX_TIM2_Init	64	static
../Core/Src/main.c:259:13:MX_GPIO_Init	48	static
../Core/Src/main.c:306:6:GPIO_Init	32	static
../Core/Src/main.c:320:6:DHT11_Init	8	static
../Core/Src/main.c:326:6:DHT11_Start	40	static
../Core/Src/main.c:337:9:DHT11_ReadByte	16	static
../Core/Src/main.c:362:6:DHT11_ReadData	32	static
../Core/Src/main.c:429:5:readTemp	8	static
../Core/Src/main.c:438:6:Error_Handler	4	static,ignoring_inline_asm
